{'review': "Definitely not a good film but nowhere as bad as some would paint it to be. Nightmare in Wax tells the story of a man, having had his face disfigured in a typical flashback scene, wreak his vengeance on those directly responsible and those indirectly for the losses in his life - most notably the love and companionship of a beautiful young actress. Cameron Mitchell plays the artist with his typical flair, albeit limited flair. Actually, I thought he gave one of his better performances. What exactly does that mean? Mitchell wears an eye patch, endlessly smokes cigarettes, wears a motley tunic, and talks to his creations in wax. They are not your ordinary wax dummies, but rather people still alive controlled by some serum that makes them lose control of all neurological function. They become zombies in effect. I thought the premise here was inventive if nothing else. It has some ludicrous explanation, but does serve the plot. This is a film of the 60s to be sure with some psychedelic camera-work by Bud Townsend and company. The acting is mediocre but Mitchell, Scott Brady, and Barry Kroeger give interesting turns. The wax figures of Hollywood's bygone era are done very effectively and most of the location shooting was very credible. The end of the film dissipates into something not quite real - either another example of 60s cultural cinema or the end of the scriptwriter's creativity. I'm banking on the latter. Despite its many flaws, I enjoyed the film. The opening scene showing an actor being needled was effectively done as was a police chase on the waterfront.", 'label': 0, 'predicted': 1}
{'review': "I was pleasantly surprised with this one. It's actually quite interesting and engaging. The cast is strong, even Dan Cortese. Brooke Shields has come into her own as an actress. Black and White must have really set her free, 'cause I have never seen her in this much command playing a conventional character. If marketed right, could be a medium-size hit.", 'label': 0, 'predicted': 1}
{'review': "Stunning blonde Natasha Henstridge is the young, not-so-grieving widow in the mansion on the hill, telling her story to a TV reporter in Monroeville, Virginia. And among the community's well-heeled horsey-set, she's suspected of involvement in the death of her older husband. That's James Brolin, trusting as a babe-in-arms. Flashback teledrama made in Canada, based on an article that appeared in Vanity Fair magazine. It must be true! Whatever, it's far more romance than mystery, and a very familiar tale. Leggy Species star Henstridge as a gold-digging hospice nurse? It could happen, I guess. And it's good to see Brolin in a sizeable role after his titchy turn in Antwone Fisher, even if he doesn't make it to the end of the picture. The end of the picture? He doesn't even make it to the beginning of the picture. Which is why flashbacks were invented, of course.", 'label': 0, 'predicted': 1}
{'review': 'This one is one of those classic B movie following the exploits of 2 hobos. It\'s done really cheesily and Big Stupid running off one-liners like a cardboard cassanova. But Jack Elam steals every scene he\'s in as the creepazoid Jesse (now Jerome!). My favorite scene is the lynch mob and the dad\'s voice going up 10 octaves ("You loved her?"). Danny, Big Stupid\'s protege, is surprisingly stupider, but not as loathsome as our lead star. There\'s also a quaint scene of a guy pimping at the diner. Joyce Meadows is the sweet, naive nice gal and probably the least annoying. And those yellow ruffles (RAWR!). Oh, and booze is evil according to Mr. Stupid.<br /><br />This movie\'s a hoot. Watch the MST cover of this and Crow\'s terrific Elam homage!', 'label': 0, 'predicted': 1}
{'review': 'I really enjoyed the film. It was really cheesy at times. (They destroy the villain with hair driers--but where are they plugged in?) It\'s a unique film though, and I enjoyed the acting of Courtney Draper and Tamara Hope. I also enjoyed Fanuel (however you write it...) liking Megan\'s charecter because she called him a dweeb. Besides the acting, the "rewinding" and showing what happened on Ariel\'s and then Megan\'s point of view was quite interesting. I saw it twice and I\'d see it again', 'label': 0, 'predicted': 1}
{'review': 'Sometimes I think that somewhere in the "Lifetime" Channel\'s office complex there is a room where the writer\'s hang-out, with a large wheel on the wall - sort of like the Big Six ones in casinos. The latter have a lot of spots where you win even money, and fewer for higher amounts, until there are perhaps a couple which pay bigger bucks.<br /><br />But I picture the channel\'s wheel having about six different genres on its wheel, with two of them, appearing the most, labeled "The Psychotic Neighbor," or "The Spouse with a Hidden Past or Secret or Both." "Lifetime" movies have a few repetitive story lines, and these two seem to be the most ubiquitous.<br /><br />The "Spouse..." category can have a spouse of long-standing, but some person appears, or an event occurs, exposing that the good wife was once a hooker, one of the couple was involved in some nefarious act long ago, or that something else in one of the background in different than presumed -- etc., etc., or, as in this flick, one of them has entered the marriage with the most nefarious of aims.<br /><br />One constant, in all of their genres is that the husband or other males are usually clueless, vacuous, and slow to have any idea what in the hell is going until the climax, or at best, very late in the proceedings (unless the male is the miscreant). Not the case here.<br /><br />Whether the referenced miscreant might be the "neighbor," or as in this offering, "the wife," it is always fascinating how easily, successfully and effortlessly they proceed with their dastardly deeds. They manipulate many of the others, whack them as necessary, assume various poses, and juggle more deceptions than you can count - with unfailing success until just before the end.<br /><br />The lead actor here, like many in this channel\'s movies, is an old hand. I noticed that another film in which he starred was titled "The Perfect Neighbor."<br /><br />Finally, the vengeful "perfect wife" in this flick dispatches those in her path with more expertise and ease than the most experienced and competent "button man" in Don Corleone\'s family could muster. And I couldn\'t help but imagine that Jack Nocholson\'s Melvin Udall character fro "As Good As It Gets," with his massive OCD affliction, could provide counsel to the anti-heroine to assist in dealing with he obsession which was the basis of this opus.', 'label': 0, 'predicted': 1}
{'review': "Proof, if ever proof were needed, that Hammer should have left their vampires firmly in the Victorian age. After all, vampirism is all about repressed sexuality, so the concept is irrelevant in 1972's London, with its thirty-something thesps pretending to be randy teenagers.<br /><br />Remember, by this time, Hammer was floundering badly. The public had tired of the drawing room horror of the 1950s and 60s, so the studio was trying everything to bring them back, including ample nudity (LUST FOR A VAMPIRE, et al) and updating their characters - neither of which apparently worked as Hammer was pretty much resting in it grave just two years later. Shame ...<br /><br />But I still have a great fondness for the classic Hammer period from 1957-1965.", 'label': 0, 'predicted': 1}
{'review': 'The parallels between this film and "Captain Walrus" (an independant film shown at the Team Projection Film Festival in 1994) are so blindingly obvious that any praise for "Sally Marshall Is Not An Alien" must be viewed with the knowledge that it is riding on the success of another work.<br /><br />In Captain Walrus, two young boys (Geoff and Roger, played by Dean Turner and Brett Allen respectively) examine the bizarre behaviour of their new neighbour Britney (played by Louise Farley). As the two boys watch through their telescope, they observe the repeated visits of a man in uniform who they call Captain Walrus (played by Peter Sargent). However, the emphasis in Captain Walrus is on the pointless and somewhat power-hungry actions of the neighbour Britney, and less on the friendship between the two boys.<br /><br />A critical success at the film festival, the plot of Captain Walrus has obviously been appropriated and rehashed in order to give the Australian Film Community another notch on the belt with regards to children\'s product. Although Sally Marshall is not an Alien is a fine film, and a credit to its producers, its inauthenticity leaves something to be deserved.', 'label': 0, 'predicted': 1}
{'review': 'One of the Message Boards threads at IMDb had two women talking about Colin Firth, how they watched the movie only because of him. Obviously these were two young women; but what struck me is how little this movie has been appreciated by audiences generally. The brilliant, and I mean brilliant, performances by Michelle Pfeiffer and Jessica Lange were hardly noticed, not only by audiences, but by the Academy and by most of the critics.<br /><br />I think I know why. First, the plot--or actually just the setup--is a kind of bastardization of Shakespeare\'s King Lear with the dying, crazy patriarch and the three scheming daughters who will inherit. Their names even begin with the same letters, Regan, Goneril, and Cordelia--Rose, Ginny, and Caroline. And I guess "Larry" (Jason Robards) works for "Lear." The apparent idea envisioned by Jane Smiley in her Pulitzer Prize winning novel was to tell a Lear-like story from the point of view of the daughters, and to tell it a sort of late twentieth century realistic way not considered by the Bard. The problem is, in Smiley and Moorhouse\'s story, the two older daughters are very human with strengths and weaknesses while the father is a most despicable character without much in the way of redeeming qualities. His only strength was his ability to make a financial success of the farm; however, we can even discount that since his father and grandfather before him built the farm and he inherited it.<br /><br />The second problem--and this is one I cannot personally attest to, not having read Smiley\'s novel--is that the movie is only a limited and partial interpretation of that novel. Still, it is almost always the case that an excellent novel, especially a long and ambitious one with many psychological nuances, cannot be faithfully transferred to the screen. The vision and audio demands of film drown out the subtleties of a narration while the time constraints don\'t allow for the full development of character and motivation achieved by the novelist. Given five or six hours, perhaps Moorhouse could have made a movie more in keeping with Smiley\'s novel.<br /><br />A third problem is one that is perhaps Moorhouse\'s alone. She began her directing career with the very well done Aussie film Proof (1991) starring Russell Crowe. She follow it up with How to Make an American Quilt (1995) which celebrated women, especially women of a certain age. However it was a bit heavy-handed and clearly and determinedly a chick flick. In a sense A Thousand Acres takes off from there, showing us not only the point of view of women, but does so in a way that may seem politically motivated to some. Larry Cook is clearly a bad, bad daddy. He beat his daughters and he had carnal knowledge of them. He ran the household with an iron fist. Jess (Colin Firth\'s character) seduces the inexperienced Ginny and breaks her heart for nothing more than a bit of fun it would appear. And then he goes to Rose, who clearly is going to be the power behind the new ownership, and hooks up with her, while incidentally inducing her husband to end his life in a drunken accident. The rest of the men are one-dimensional characters without nuance, the way they often appear in romance novels. I think most audiences were put off by the heavy-handed incest, adultery and sexual betrayal that was woven into the story.<br /><br />Having said all this, I think the critics and the public are wrong. I think the direction was biased against men, but in this story it needed to be. I think Moorhouse did a fine job of making an emotional and engaging film about family dynamics that were none too pretty. And the acting by Pfeiffer and Lange was nothing short of sensational. They seemed to feed off of one another in a way that I found absolutely authentic and deeply moving. In particular Pfeiffer was riveting as she projected her bent-up anger and hatred. The way Moorhouse allowed her character to be revealed to us gradually is a tribute to her ability as a director as well as to Pfeiffer\'s outstanding performance. And the skill with which Moorhouse guided the change in Ginny\'s character as she went from a "ninny," as she called herself, to someone with self-awareness and some understandable bitterness, was also excellent. The fact that she left her husband was as much out of shame as anything else. He needed to go get her and forgive her and bring her back. And Robards in his intensity and madness was also very good.<br /><br />I predict that this film, which bombed in theaters, will be better appreciated in the years to come as people see it on DVD. My question is, whatever happened to Moorhouse? Her talent is obvious, but she has yet to director her fourth feature film. When she does I hope she remembers to go with what she believes but to be fair as well. I think, actually she was fair to the two lead character in this film, but didn\'t pay enough attention to the others. In addition to the unnuanced father, Jennifer Jason Leigh\'s Caroline was unfinished, leaving us to wonder about why she did some of the things she did. And the husbands needed to be something more than mannequins. They needed to be engaged and involved.', 'label': 1, 'predicted': 0}
{'review': "Interesting and short television movie describes some of the machinations surrounding Jay Leno's replacing Carson as host of the Tonight Show. Film is currently very topical given the public drama surrounding Conan O'Brien and Jay Leno.<br /><br />The film does a good job of sparking viewers' interest in the events and showing some of the concerns of the stakeholders, particularly of the NBC executives. The portrayal of Ovitz was particularly compelling and interesting, I thought.<br /><br />Still, many of the characters were only very briefly limned or touched upon, and some of the acting seemed perfunctory. Nevertheless, an interesting story.", 'label': 0, 'predicted': 1}